C51 COMPILER V9.00   BUSINESS                                                              05/17/2016 01:50:45 PAGE 1   


C51 COMPILER V9.00, COMPILATION OF MODULE BUSINESS
OBJECT MODULE PLACED IN business.OBJ
COMPILER INVOKED BY: C:\Keil\C51\BIN\C51.EXE business.c ROM(COMPACT) BROWSE DEBUG OBJECTEXTEND

line level    source

   1          #include "user_sys.h"
   2          #include "uart.h"
   3          #include "business.h"
   4          #include <string.h>
   5          #include <stdio.h>
   6          #include <reg52.h>
   7          #include "phy.h"
   8          
   9          #define LOCKER_TIMER 7
  10          
  11          extern app_Event getApp;
  12          
  13          extern uint8 uartData[15];
  14          extern uint8 uartIndex;
  15          
  16          #if 0
              uint8 code table[]={0xc0,0xf9,0xa4,0xb0,0x99,0x92,0x82,0xf8,0x80,0x90};
              sbit P2_0 = P2^0;
              sbit P2_1 = P2^1;
              sbit P2_2 = P2^2;
              sbit P2_3 = P2^3;
              #endif
  23          
  24          //uint8 code table[]={0x3f,0x06,0x5b,0x4f,0x66,0x6d,0x7d,0x07,0x7f,0x6f};//不带小数点的共阴数码管段值
  25          //uint8 code table[]={0xc0,0xf9,0xa4,0xb0,0x99,0x92,0x82,0xf8,0x80,0x90};
  26          
  27          uint8 code table[]={0xc0,0xf9,0xa4,0xb0,0x99,0x92,0x82,0xf8,0x80,0x90};
  28          sbit P2_0 = P2^0;
  29          sbit P2_1 = P2^1;
  30          sbit P2_2 = P2^2;
  31          sbit P2_3 = P2^3;
  32          
  33          
  34          sbit locker1 = P1^0;
  35          sbit locker2 = P1^1;
  36          sbit locker3 = P1^2;
  37          
  38          
  39          SEGMENT_DISPLAYER segmentDisplaysIndex = SEGMENT_DISPLAYER_1_ON;
  40          
  41          sbit lockerPin=P1^7;    //定义位选
  42          
  43          int timer;
  44          
  45          typedef enum{
  46                  LOCK,
  47                  UNLOCK
  48          }LOCKER_STATUS;
  49          
  50          typedef enum{
  51                  LOCKER1_STATUS_REPORT,
  52                  LOCKER2_STATUS_REPORT,
  53                  LOCKER3_STATUS_REPORT
  54          }LOCKER_STATUS_STEP;
  55          
C51 COMPILER V9.00   BUSINESS                                                              05/17/2016 01:50:45 PAGE 2   

  56          LOCKER_STATUS_STEP lockerStatusStep;
  57          
  58          
  59          
  60          LOCKER_STATUS lockerStatus = LOCK;
  61          
  62          xdata LOCKER_STATUS lockerStatus1 = LOCK;
  63          xdata LOCKER_STATUS lockerStatus2 = LOCK;
  64          xdata LOCKER_STATUS lockerStatus3 = LOCK;
  65          
  66          
  67          
  68          
  69          
  70          void userBusinessEventHandle()
  71          {
  72   1              uint8 i;
  73   1              for(i=0;i<EVENT_NUMBER;i++)
  74   1              {
  75   2                      if((getApp.eventEDable_t[i]==ENABLE)&&(getApp.eventResultFlag_t[i]==ENABLE)&&(getApp.eventDoCount_t[i]<g
             -etApp.eventSetCount_t[i]))
  76   2                      {
  77   3                              userSystemSetEventDone(i);
  78   3                              switch(getApp.eventId_t[i])
  79   3                              {
  80   4                                      case EVENT_UART_RECIVE:
  81   4                                      {
  82   5                                              dealLocker(uartData);
  83   5                                              uartDataClean();
  84   5                                              setEvent(EVENT_UART_RECIVE, ENABLE,20,1);
  85   5                                      }
  86   4                                      break;
  87   4                                      case EVENT_LOCKER_STATUS_RSP:
  88   4                                      {
  89   5                                              reportLockerStatus();
  90   5                                              setEvent(EVENT_LOCKER_STATUS_RSP, ENABLE,500,1);//定位
  91   5                                      }
  92   4                                      break;
  93   4                                      case EVENT_LOCKER1_UNLOCKED:
  94   4                                              lockerStatus1 = LOCK;
  95   4                                              uartSendStr("L1A\r\n");         
  96   4                                              locker1 = 1;
  97   4                                      break;
  98   4                                      case EVENT_LOCKER2_UNLOCKED:
  99   4                                              lockerStatus2 = LOCK;                                   
 100   4                                              uartSendStr("L2A\r\n");
 101   4                                              locker2 = 1;
 102   4                                      break;
 103   4                                      case EVENT_LOCKER3_UNLOCKED:
 104   4                                              lockerStatus3 = LOCK;
 105   4                                              uartSendStr("L3A\r\n");         
 106   4                                              locker3 = 1;
 107   4                                      break;
 108   4                                      case EVENT_SEGMENT_DISPLAYER:
 109   4                                      {
 110   5                                              switch(segmentDisplaysIndex)
 111   5                                              {
 112   6                                                      case SEGMENT_DISPLAYER_1_ON:
 113   6                                                              P2_3 = 1;
 114   6                                                              P0=table[0];
 115   6                                                              P2_0 = 0;
 116   6                                                              segmentDisplaysIndex = SEGMENT_DISPLAYER_2_ON;
C51 COMPILER V9.00   BUSINESS                                                              05/17/2016 01:50:45 PAGE 3   

 117   6                                                      break;
 118   6      
 119   6                                                      case SEGMENT_DISPLAYER_2_ON:
 120   6                                                              P2_0 = 1;
 121   6                                                              P0=table[1];
 122   6                                                              P2_1 = 0;
 123   6                                                              segmentDisplaysIndex = SEGMENT_DISPLAYER_3_ON;
 124   6                                                      break;
 125   6                                                      case SEGMENT_DISPLAYER_3_ON:
 126   6                                                              P2_1 = 1;
 127   6                                                              P0=table[2];
 128   6                                                              P2_2 = 0;
 129   6                                                              segmentDisplaysIndex = SEGMENT_DISPLAYER_4_ON;
 130   6                                                      break;
 131   6                                                      case SEGMENT_DISPLAYER_4_ON:
 132   6                                                              P2_2 = 1;
 133   6                                                              P0=table[3];
 134   6                                                              P2_3 = 0;
 135   6                                                              segmentDisplaysIndex = SEGMENT_DISPLAYER_1_ON;
 136   6                                                      break;          
 137   6                                              }
 138   5                                              setEvent(EVENT_SEGMENT_DISPLAYER, ENABLE,1,1);
 139   5                                      }
 140   4                                              //uartSendStr("EVENT_SEGMENT_DISPLAYER\r\n");
 141   4                                              /*P0=table[i];
 142   4                                              P2_0 = 0;*/
 143   4                                              //dealSegmentDisplays();
 144   4                                              //setEvent(EVENT_SEGMENT_DISPLAYER, ENABLE,1,1);
 145   4                                              break;
 146   4                                      default:
 147   4                                              break;
 148   4                              
 149   4                              }
 150   3                      }
 151   2                      else if((getApp.eventEDable_t[i]==ENABLE)&&(getApp.eventDoCount_t[i]>=getApp.eventSetCount_t[i]))
 152   2                      {
 153   3                              getApp.eventEDable_t[i]=DISABLE;
 154   3                      }
 155   2              }
 156   1      }
 157          
 158          void dealLocker(uint8 *cmd)
 159          {
 160   1              if(uartIndex < 2 ) return;
 161   1              if(uartIndex == 0) return;
 162   1      
 163   1              switch(cmd[0])
 164   1              {
 165   2                      case '1':
 166   2                      {
 167   3                              locker1 = 0;
 168   3                              //uartSendStr("open locker1 5s\r\n");
 169   3                              uartSendStr("L1B\r\n");         
 170   3                              lockerStatus1 = UNLOCK;                 
 171   3                              setEvent(EVENT_LOCKER1_UNLOCKED, ENABLE,3000,1);
 172   3                      }
 173   2                      break;
 174   2                      case '2':
 175   2                      {
 176   3                              locker2 = 0;                    
 177   3                              uartSendStr("L2B\r\n");                                 
 178   3                              lockerStatus2 = UNLOCK;                 
C51 COMPILER V9.00   BUSINESS                                                              05/17/2016 01:50:45 PAGE 4   

 179   3                              //uartSendStr("open locker2 5s\r\n");
 180   3                              setEvent(EVENT_LOCKER2_UNLOCKED, ENABLE,3000,1);
 181   3                      }
 182   2                      break;
 183   2                      case '3':
 184   2                      {
 185   3                              locker3 = 0;
 186   3                              uartSendStr("L3B\r\n");                 
 187   3                              lockerStatus3 = UNLOCK;                 
 188   3                              //uartSendStr("open locker3 5s\r\n");
 189   3                              setEvent(EVENT_LOCKER3_UNLOCKED, ENABLE,3000,1);                
 190   3                      }
 191   2                      break;
 192   2              }
 193   1      
 194   1      #if 0
                      
                      if((cmd[0] == 'U')&&(cmd[1] == 'N')&&cmd[2] == 'L'&&cmd[3] == 'O'&&cmd[4] == 'C'&&cmd[5] == 'K'){
                              lockerPin = 1;
                              timer = LOCKER_TIMER;
                              uartSendStr("open locker 5s\r\n");
                              lockerStatus = UNLOCK;
                              reportLockerStatus();
                              //setEvent(EVENT_LOCK_LOCKER, ENABLE,500,1);
                              setEvent(EVENT_LOCKER_DAOJISHI, ENABLE,1,1);
                      }
                      if((cmd[0] == 'T')&&(cmd[1] == 'O')&&cmd[2] == 'L'&&cmd[3] == 'O'&&cmd[4] == 'C'&&cmd[5] == 'K'){
              
                              timer = 0;
                              lockerStatus = LOCK;
                              reportLockerStatus();
                              setEvent(EVENT_LOCKER_LOCKED, ENABLE,1,1);
                              setEvent(EVENT_LOCKER_DAOJISHI, DISABLE,0,0);
                      }
              #endif  
 214   1      }
 215          void reportLockerStatus()
 216          {
 217   1              switch(lockerStatusStep)
 218   1              {
 219   2                      case LOCKER1_STATUS_REPORT:
 220   2                      {
 221   3                              lockerStatusStep = LOCKER2_STATUS_REPORT;
 222   3                              if(lockerStatus1 == LOCK)
 223   3                                      uartSendStr("L1A\r\n");
 224   3                              else
 225   3                                      uartSendStr("L1B\r\n");         
 226   3                      }
 227   2                      break;
 228   2                      case LOCKER2_STATUS_REPORT:
 229   2                      {
 230   3                              lockerStatusStep = LOCKER3_STATUS_REPORT;
 231   3                              if(lockerStatus2 == LOCK)
 232   3                                      uartSendStr("L2A\r\n");
 233   3                              else
 234   3                                      uartSendStr("L2B\r\n");         
 235   3                      }
 236   2                      break;
 237   2                      case LOCKER3_STATUS_REPORT:
 238   2                      {
 239   3                              lockerStatusStep = LOCKER1_STATUS_REPORT;
 240   3                              if(lockerStatus3 == LOCK)
C51 COMPILER V9.00   BUSINESS                                                              05/17/2016 01:50:45 PAGE 5   

 241   3                                      uartSendStr("L3A\r\n");
 242   3                              else
 243   3                                      uartSendStr("L3B\r\n");
 244   3                      }
 245   2                      break;
 246   2              }       
 247   1      }
 248          void lockerInit()
 249          {
 250   1              locker1 = 1;
 251   1              locker2 = 1;
 252   1              locker3 = 1;
 253   1      }


MODULE INFORMATION:   STATIC OVERLAYABLE
   CODE SIZE        =    512    ----
   CONSTANT SIZE    =     46    ----
   XDATA SIZE       =      3    ----
   PDATA SIZE       =   ----    ----
   DATA SIZE        =      5       1
   IDATA SIZE       =   ----    ----
   BIT SIZE         =   ----    ----
END OF MODULE INFORMATION.


C51 COMPILATION COMPLETE.  0 WARNING(S),  0 ERROR(S)
